// Jest Snapshot v1, https://goo.gl/fbAQLP

exports[`pruebas sobre mi TodoApp y el context snapshot: 1`] = `
<div>
  <h2>
    Todo app : 
    0
     tareas pendientes
  </h2>
  <div
    class="container"
  >
    <div
      class="row"
    >
      <div
        class="col"
      >
        <ul />
      </div>
      <div
        class="col"
      >
        <form>
          <input
            class="form-control"
            name="todo"
            placeholder="aÃ±adir todo"
            type="text"
            value=""
          />
        </form>
        <button
          class="btn btn-danger"
          disabled=""
        >
          NUKE
        </button>
      </div>
    </div>
  </div>
</div>
`;
